mvn : WARNING: A 
restricted method in 
java.lang.System has 
been called
At line:1 char:1
+ mvn clean package -B 
-DskipTests > 
build_output.txt 2>&1
+ ~~~~~~~~~~~~~~~~~~~~~
~~~~~~~~~~~~~~~~~~~~~~~
~~~~~~~~~~~~
    + CategoryInfo     
         : NotSpecifi  
  ed: (WARNING: A re   
 st...has been call    
ed:String) [], Rem    
oteException
    + FullyQualifiedEr 
   rorId : NativeComm  
  andError
 
WARNING: 
java.lang.System::load 
has been called by org.
fusesource.jansi.intern
al.JansiLoader in an 
unnamed module (file:/e
:/maven/apache-maven-3.
9.6/lib/jansi-2.4.0.jar
)
WARNING: Use --enable-n
ative-access=ALL-UNNAME
D to avoid a warning 
for callers in this 
module
WARNING: Restricted 
methods will be 
blocked in a future 
release unless native 
access is enabled

WARNING: A terminally 
deprecated method in 
sun.misc.Unsafe has 
been called
WARNING: sun.misc.Unsaf
e::objectFieldOffset 
has been called by com.
google.common.util.conc
urrent.AbstractFuture$U
nsafeAtomicHelper (file
:/e:/maven/apache-maven
-3.9.6/lib/guava-32.0.1
-jre.jar)
WARNING: Please 
consider reporting 
this to the 
maintainers of class co
m.google.common.util.co
ncurrent.AbstractFuture
$UnsafeAtomicHelper
WARNING: sun.misc.Unsaf
e::objectFieldOffset 
will be removed in a 
future release
[INFO] Scanning for projects...
[INFO] ------------------------------------------------------------------------
[INFO] Reactor Build Order:
[INFO] 
[INFO] Falcon Project Parent                                              [pom]
[INFO] Falcon Core Library                                                [jar]
[INFO] Falcon Trust Service                                               [jar]
[INFO] Falcon SIV Intelligence Service                                    [jar]
[INFO] Falcon Edge Gateway                                                [jar]
[INFO] 
[INFO] ----------------------< app.falcon:falcon-parent >----------------------
[INFO] Building Falcon Project Parent 0.1.0                               [1/5]
[INFO]   from pom.xml
[INFO] --------------------------------[ pom ]---------------------------------
[INFO] 
[INFO] --- clean:3.5.0:clean (default-clean) @ falcon-parent ---
[INFO] 
[INFO] -----------------------< app.falcon:falcon-core >-----------------------
[INFO] Building Falcon Core Library 0.1.0                                 [2/5]
[INFO]   from falcon-core\pom.xml
[INFO] --------------------------------[ jar ]---------------------------------
[INFO] 
[INFO] --- clean:3.5.0:clean (default-clean) @ falcon-core ---
[INFO] Deleting E:\Falcon\ProjectFalcon\falcon-core\target
[INFO] 
[INFO] --- resources:3.3.1:resources (default-resources) @ falcon-core ---
[INFO] skip non existing resourceDirectory E:\Falcon\ProjectFalcon\falcon-core\src\main\resources
[INFO] skip non existing resourceDirectory E:\Falcon\ProjectFalcon\falcon-core\src\main\resources
[INFO] 
[INFO] --- compiler:3.11.0:compile (default-compile) @ falcon-core ---
[INFO] Changes detected - recompiling the module! :source
[INFO] Compiling 9 source files with javac [debug release 25] to target\classes
[INFO] 
[INFO] --- resources:3.3.1:testResources (default-testResources) @ falcon-core ---
[INFO] skip non existing resourceDirectory E:\Falcon\ProjectFalcon\falcon-core\src\test\resources
[INFO] 
[INFO] --- compiler:3.11.0:testCompile (default-testCompile) @ falcon-core ---
[INFO] No sources to compile
[INFO] 
[INFO] --- surefire:3.5.4:test (default-test) @ falcon-core ---
[INFO] Tests are skipped.
[INFO] 
[INFO] --- jar:3.4.2:jar (default-jar) @ falcon-core ---
[INFO] Building jar: E:\Falcon\ProjectFalcon\falcon-core\target\falcon-core-0.1.0.jar
[INFO] 
[INFO] ----------------------< app.falcon:trust-service >----------------------
[INFO] Building Falcon Trust Service 0.1.0                                [3/5]
[INFO]   from trust-service\pom.xml
[INFO] --------------------------------[ jar ]---------------------------------
[INFO] 
[INFO] --- clean:3.5.0:clean (default-clean) @ trust-service ---
[INFO] Deleting E:\Falcon\ProjectFalcon\trust-service\target
[INFO] 
[INFO] --- resources:3.3.1:resources (default-resources) @ trust-service ---
[INFO] Copying 1 resource from src\main\resources to target\classes
[INFO] Copying 0 resource from src\main\resources to target\classes
[INFO] 
[INFO] --- compiler:3.11.0:compile (default-compile) @ trust-service ---
[INFO] Changes detected - recompiling the module! :dependency
[INFO] Compiling 11 source files with javac [debug release 25] to target\classes
[INFO] 
[INFO] --- resources:3.3.1:testResources (default-testResources) @ trust-service ---
[INFO] skip non existing resourceDirectory E:\Falcon\ProjectFalcon\trust-service\src\test\resources
[INFO] 
[INFO] --- compiler:3.11.0:testCompile (default-testCompile) @ trust-service ---
[INFO] Changes detected - recompiling the module! :dependency
[INFO] Compiling 2 source files with javac [debug release 25] to target\test-classes
[INFO] 
[INFO] --- surefire:3.5.4:test (default-test) @ trust-service ---
[INFO] Tests are skipped.
[INFO] 
[INFO] --- jar:3.4.2:jar (default-jar) @ trust-service ---
[INFO] Building jar: E:\Falcon\ProjectFalcon\trust-service\target\trust-service-0.1.0.jar
[INFO] 
[INFO] --- spring-boot:4.0.3:repackage (repackage) @ trust-service ---
[INFO] Replacing main artifact E:\Falcon\ProjectFalcon\trust-service\target\trust-service-0.1.0.jar with repackaged archive, adding nested dependencies in BOOT-INF/.
[INFO] The original artifact has been renamed to E:\Falcon\ProjectFalcon\trust-service\target\trust-service-0.1.0.jar.original
[INFO] 
[INFO] -----------------------< app.falcon:siv-service >-----------------------
[INFO] Building Falcon SIV Intelligence Service 0.1.0                     [4/5]
[INFO]   from siv-service\pom.xml
[INFO] --------------------------------[ jar ]---------------------------------
[INFO] 
[INFO] --- clean:3.5.0:clean (default-clean) @ siv-service ---
[INFO] Deleting E:\Falcon\ProjectFalcon\siv-service\target
[INFO] 
[INFO] --- resources:3.3.1:resources (default-resources) @ siv-service ---
[INFO] Copying 1 resource from src\main\resources to target\classes
[INFO] Copying 0 resource from src\main\resources to target\classes
[INFO] 
[INFO] --- compiler:3.11.0:compile (default-compile) @ siv-service ---
[INFO] Changes detected - recompiling the module! :dependency
[INFO] Compiling 22 source files with javac [debug release 25] to target\classes
[INFO] 
[INFO] --- resources:3.3.1:testResources (default-testResources) @ siv-service ---
[INFO] skip non existing resourceDirectory E:\Falcon\ProjectFalcon\siv-service\src\test\resources
[INFO] 
[INFO] --- compiler:3.11.0:testCompile (default-testCompile) @ siv-service ---
[INFO] Changes detected - recompiling the module! :dependency
[INFO] Compiling 4 source files with javac [debug release 25] to target\test-classes
[INFO] -------------------------------------------------------------
[ERROR] COMPILATION ERROR : 
[INFO] -------------------------------------------------------------
[ERROR] /E:/Falcon/ProjectFalcon/siv-service/src/test/java/app/falcon/siv/ai/AiContextServiceTest.java:[37,24] constructor SovereignAgentService in class app.falcon.siv.ai.SovereignAgentService cannot be applied to given types;
  required: java.lang.String,java.lang.String,java.lang.String
  found:    java.lang.String,java.lang.String
  reason: actual and formal argument lists differ in length
[INFO] 1 error
[INFO] -------------------------------------------------------------
[INFO] ------------------------------------------------------------------------
[INFO] Reactor Summary for Falcon Project Parent 0.1.0:
[INFO] 
[INFO] Falcon Project Parent .............................. SUCCESS [  0.133 s]
[INFO] Falcon Core Library ................................ SUCCESS [  6.494 s]
[INFO] Falcon Trust Service ............................... SUCCESS [  7.192 s]
[INFO] Falcon SIV Intelligence Service .................... FAILURE [  4.280 s]
[INFO] Falcon Edge Gateway ................................ SKIPPED
[INFO] ------------------------------------------------------------------------
[INFO] BUILD FAILURE
[INFO] ------------------------------------------------------------------------
[INFO] Total time:  18.665 s
[INFO] Finished at: 2026-03-03T04:27:20Z
[INFO] ------------------------------------------------------------------------
[ERROR] Failed to execute goal org.apache.maven.plugins:maven-compiler-plugin:3.11.0:testCompile (default-testCompile) on project siv-service: Compilation failure
[ERROR] /E:/Falcon/ProjectFalcon/siv-service/src/test/java/app/falcon/siv/ai/AiContextServiceTest.java:[37,24] constructor SovereignAgentService in class app.falcon.siv.ai.SovereignAgentService cannot be applied to given types;
[ERROR]   required: java.lang.String,java.lang.String,java.lang.String
[ERROR]   found:    java.lang.String,java.lang.String
[ERROR]   reason: actual and formal argument lists differ in length
[ERROR] -> [Help 1]
[ERROR] 
[ERROR] To see the full stack trace of the errors, re-run Maven with the -e switch.
[ERROR] Re-run Maven using the -X switch to enable full debug logging.
[ERROR] 
[ERROR] For more information about the errors and possible solutions, please read the following articles:
[ERROR] [Help 1] http://cwiki.apache.org/confluence/display/MAVEN/MojoFailureException
[ERROR] 
[ERROR] After correcting the problems, you can resume the build with the command
[ERROR]   mvn <args> -rf :siv-service
